<html>
<body>
<pre>
<h1>µVision Build Log</h1>
<h2>Project:</h2>
C:\Users\BS\Desktop\xo game\XO Game.uvproj
Project File Date:  05/14/2024

<h2>Output:</h2>
Rebuild target 'XO Game'
assembling startup.s...
compiling Nokia5110.c...
compiling XO Game.c...
GPIO_cfg.h(2): warning:  #1-D: last line of file ends without a newline
  #define MAX_PINS_NUMBER (8)
GPIO.h(116): warning:  #1-D: last line of file ends without a newline
  extern Gpio_Configrations_t PortFconfg;
Screen.h(2): warning:  #1295-D: Deprecated declaration draw - give arg types
  void draw();
Screen.h(3): warning:  #1295-D: Deprecated declaration replay - give arg types
  int replay();
Screen.h(5): warning:  #1295-D: Deprecated declaration playerTurn - give arg types
  void playerTurn();
Screen.h(6): warning:  #1-D: last line of file ends without a newline
  void showOutro();
Screen.h(6): warning:  #1295-D: Deprecated declaration showOutro - give arg types
  void showOutro();
game.h(1): warning:  #1295-D: Deprecated declaration play - give arg types
  void play();
game.h(2): warning:  #1295-D: Deprecated declaration reset - give arg types
  void reset();
game.h(3): warning:  #1295-D: Deprecated declaration replay - give arg types
  int replay();
game.h(9): warning:  #1-D: last line of file ends without a newline
  extern int oWins;
XO Game.c(36): warning:  #1-D: last line of file ends without a newline
  }
XO Game.c: 12 warnings, 0 errors
compiling GPIO.c...
GPIO_cfg.h(2): warning:  #1-D: last line of file ends without a newline
  #define MAX_PINS_NUMBER (8)
GPIO.h(116): warning:  #1-D: last line of file ends without a newline
  extern Gpio_Configrations_t PortFconfg;
GPIO.c(11): warning:  #174-D: expression has no effect
                for(pinNum;pinNum <MAX_PINS_NUMBER;pinNum++)
GPIO.c(92): warning:  #174-D: expression has no effect
                for(pinNum;pinNum <MAX_PINS_NUMBER;pinNum++)
GPIO.c: 4 warnings, 0 errors
compiling Screen.c...
game.h(1): warning:  #1295-D: Deprecated declaration play - give arg types
  void play();
game.h(2): warning:  #1295-D: Deprecated declaration reset - give arg types
  void reset();
game.h(3): warning:  #1295-D: Deprecated declaration replay - give arg types
  int replay();
game.h(9): warning:  #1-D: last line of file ends without a newline
  extern int oWins;
draws.h(7): warning:  #1-D: last line of file ends without a newline
  extern const unsigned char verticalLine[];
Screen.h(2): warning:  #1295-D: Deprecated declaration draw - give arg types
  void draw();
Screen.h(3): warning:  #1295-D: Deprecated declaration replay - give arg types
  int replay();
Screen.h(5): warning:  #1295-D: Deprecated declaration playerTurn - give arg types
  void playerTurn();
Screen.h(6): warning:  #1-D: last line of file ends without a newline
  void showOutro();
Screen.h(6): warning:  #1295-D: Deprecated declaration showOutro - give arg types
  void showOutro();
Timer.h(2): warning:  #1-D: last line of file ends without a newline
  void Timer2A_Handler(void);
Screen.c: 11 warnings, 0 errors
compiling draws.c...
compiling game.c...
game.h(1): warning:  #1295-D: Deprecated declaration play - give arg types
  void play();
game.h(2): warning:  #1295-D: Deprecated declaration reset - give arg types
  void reset();
game.h(3): warning:  #1295-D: Deprecated declaration replay - give arg types
  int replay();
game.h(9): warning:  #1-D: last line of file ends without a newline
  extern int oWins;
Screen.h(2): warning:  #1295-D: Deprecated declaration draw - give arg types
  void draw();
Screen.h(3): warning:  #1295-D: Deprecated declaration replay - give arg types
  int replay();
Screen.h(5): warning:  #1295-D: Deprecated declaration playerTurn - give arg types
  void playerTurn();
Screen.h(6): warning:  #1-D: last line of file ends without a newline
  void showOutro();
Screen.h(6): warning:  #1295-D: Deprecated declaration showOutro - give arg types
  void showOutro();
draws.h(7): warning:  #1-D: last line of file ends without a newline
  extern const unsigned char verticalLine[];
Timer.h(2): warning:  #1-D: last line of file ends without a newline
  void Timer2A_Handler(void);
game.c: 11 warnings, 0 errors
compiling Timer.c...
compiling GPIO_cfg.c...
GPIO_cfg.h(2): warning:  #1-D: last line of file ends without a newline
  #define MAX_PINS_NUMBER (8)
GPIO.h(116): warning:  #1-D: last line of file ends without a newline
  extern Gpio_Configrations_t PortFconfg;
GPIO_cfg.h(2): warning:  #1-D: last line of file ends without a newline
  #define MAX_PINS_NUMBER (8)
GPIO_cfg.c: 3 warnings, 0 errors
linking...
Program Size: Code=5620 RO-data=5900 RW-data=988 ZI-data=1636  
".\XO Game.axf" - 0 Error(s), 41 Warning(s).
Load "C:\\Users\\BS\\Desktop\\xo game\\XO Game.axf" 
Connecting: Mode=JTAG, Speed=1000000Hz
Connection failed!, error code=&d
Error: Flash Download failed  -  Target DLL has been cancelled
</pre>
</body>
</html>
Error(s), 42 Warning(s).
Target not created
